// Jest Snapshot v1, https://goo.gl/fbAQLP

exports[`renders without crashing 1`] = `
<DocumentFragment>
  <div
    class="MuiBox-root MuiBox-root-10 makeStyles-mainContainer-1"
  >
    <div
      class="MuiContainer-root makeStyles-bodyContainer-2 MuiContainer-maxWidthXl"
    >
      <div
        class="MuiBox-root MuiBox-root-19 makeStyles-controlsContainer-3"
      >
        <label
          class="MuiFormControlLabel-root makeStyles-modeControl-4"
        >
          <span
            class="MuiSwitch-root MuiSwitch-sizeSmall"
          >
            <span
              aria-disabled="false"
              class="MuiButtonBase-root MuiIconButton-root PrivateSwitchBase-root-38 MuiSwitch-switchBase MuiSwitch-colorSecondary"
            >
              <span
                class="MuiIconButton-label"
              >
                <input
                  class="PrivateSwitchBase-input-41 MuiSwitch-input"
                  type="checkbox"
                  value=""
                />
                <span
                  class="MuiSwitch-thumb"
                />
              </span>
              <span
                class="MuiTouchRipple-root"
              />
            </span>
            <span
              class="MuiSwitch-track"
            />
          </span>
          <span
            class="MuiTypography-root MuiFormControlLabel-label MuiTypography-body1"
          >
            Basic Mode
          </span>
        </label>
        <button
          aria-label="Launch 7 Days to Die"
          class="MuiButtonBase-root MuiFab-root makeStyles-launchButton-7 MuiFab-extended MuiFab-sizeMedium MuiFab-primary"
          tabindex="0"
          type="button"
        >
          <span
            class="MuiFab-label"
          >
            <svg
              aria-hidden="true"
              class="MuiSvgIcon-root makeStyles-launchIcon-8"
              focusable="false"
              role="presentation"
              viewBox="0 0 24 24"
            >
              <path
                d="M19 19H5V5h7V3H5c-1.11 0-2 .9-2 2v14c0 1.1.89 2 2 2h14c1.1 0 2-.9 2-2v-7h-2v7zM14 3v2h3.59l-9.83 9.83 1.41 1.41L19 6.41V10h2V3h-7z"
              />
            </svg>
            Play Game
          </span>
          <span
            class="MuiTouchRipple-root"
          />
        </button>
      </div>
      <ul
        class="MuiList-root MuiList-dense MuiList-padding"
      >
        <li
          class="MuiListItem-root makeStyles-listItem-107 MuiListItem-dense MuiListItem-gutters"
          color="secondary"
          title="Click to select Game Folder"
        >
          <div
            class="MuiListItemIcon-root"
          >
            <svg
              aria-hidden="true"
              class="MuiSvgIcon-root"
              focusable="false"
              role="presentation"
              viewBox="0 0 24 24"
            >
              <path
                d="M10 4H4c-1.1 0-1.99.9-1.99 2L2 18c0 1.1.9 2 2 2h16c1.1 0 2-.9 2-2V8c0-1.1-.9-2-2-2h-8l-2-2z"
              />
            </svg>
          </div>
          <div
            class="MuiListItemText-root MuiListItemText-dense MuiListItemText-multiline"
          >
            <span
              class="MuiTypography-root MuiListItemText-primary MuiTypography-body2"
            >
              Game Folder
            </span>
            <p
              class="MuiTypography-root MuiListItemText-secondary MuiTypography-body2 MuiTypography-colorTextSecondary"
            >
              /foo/bar
            </p>
          </div>
        </li>
        <div
          class="MuiCollapse-container MuiCollapse-hidden"
          style="min-height: 0px;"
        >
          <div
            class="MuiCollapse-wrapper"
          >
            <div
              class="MuiCollapse-wrapperInner"
            >
              <li
                class="MuiListItem-root makeStyles-listItem-107 MuiListItem-dense MuiListItem-gutters"
                color="secondary"
                title="Click to select Modlet folder"
              >
                <div
                  class="MuiListItemIcon-root"
                >
                  <svg
                    aria-hidden="true"
                    class="MuiSvgIcon-root"
                    focusable="false"
                    role="presentation"
                    viewBox="0 0 24 24"
                  >
                    <path
                      d="M10 4H4c-1.1 0-1.99.9-1.99 2L2 18c0 1.1.9 2 2 2h16c1.1 0 2-.9 2-2V8c0-1.1-.9-2-2-2h-8l-2-2z"
                    />
                  </svg>
                </div>
                <div
                  class="MuiListItemText-root MuiListItemText-dense MuiListItemText-multiline"
                >
                  <span
                    class="MuiTypography-root MuiListItemText-primary MuiTypography-body2"
                  >
                    Modlet Folder
                  </span>
                  <p
                    class="MuiTypography-root MuiListItemText-secondary MuiTypography-body2 MuiTypography-colorTextSecondary"
                  >
                    /foo/bar/Mods
                  </p>
                </div>
              </li>
            </div>
          </div>
        </div>
      </ul>
      <div
        class="MuiGrid-root makeStyles-root-149 MuiGrid-container MuiGrid-spacing-xs-2"
      >
        <div
          class="MuiGrid-root makeStyles-cardEmpty-145 MuiGrid-item"
        >
          <h6
            class="MuiTypography-root makeStyles-noModletsHeader-146 MuiTypography-h6"
          >
            No Modlets Installed
          </h6>
          <hr
            class="MuiDivider-root MuiDivider-middle"
          />
          <p
            class="MuiTypography-root makeStyles-noModletsBody-147 MuiTypography-body1"
          >
            To install mods, place them in \\foo\\bar\\Mods
            <span />
          </p>
        </div>
      </div>
    </div>
  </div>
</DocumentFragment>
`;
